   Compiling console_spotify v0.1.0 (/mnt/vquclinh/PROJECT-CMAKE/SPOTIFY-TUI/spotty)
warning: unused import: `crate::network::request::PlayerRequest`
 --> src/network/handler.rs:4:5
  |
4 | use crate::network::request::PlayerRequest;
  |     ^^^^^^^^^^^^^^^^^^^^^^^^^^^^^^^^^^^^^^
  |
  = note: `#[warn(unused_imports)]` (part of `#[warn(unused)]`) on by default

warning: variable does not need to be mutable
  --> src/network/handler.rs:10:5
   |
10 |     mut client: WebApiClient,
   |     ----^^^^^^
   |     |
   |     help: remove this `mut`
   |
   = note: `#[warn(unused_mut)]` (part of `#[warn(unused)]`) on by default

warning: variable does not need to be mutable
  --> src/lib.rs:40:22
   |
40 |     let (network_tx, mut network_rx) = mpsc::unbounded_channel::<ClientRequest>();
   |                      ----^^^^^^^^^^
   |                      |
   |                      help: remove this `mut`

warning: variable does not need to be mutable
  --> src/lib.rs:42:9
   |
42 |     let mut spotify_client = WebApiClient::new(Some(1800)).await?;
   |         ----^^^^^^^^^^^^^^
   |         |
   |         help: remove this `mut`

warning: unused variable: `request`
  --> src/network/handler.rs:14:20
   |
14 |     while let Some(request) = rx.recv().await {
   |                    ^^^^^^^ help: if this is intentional, prefix it with an underscore: `_request`
   |
   = note: `#[warn(unused_variables)]` (part of `#[warn(unused)]`) on by default

warning: field `item` is never read
  --> src/network/client.rs:17:5
   |
16 | pub struct CacheItem<T> {
   |            --------- field in this struct
17 |     item: T,
   |     ^^^^
   |
   = note: `#[warn(dead_code)]` (part of `#[warn(unused)]`) on by default

warning: field `cache` is never read
  --> src/network/client.rs:54:5
   |
52 | pub struct WebApiClient {
   |            ------------ field in this struct
53 |     client: AuthCodePkceSpotify,
54 |     cache: Cache
   |     ^^^^^

warning: `console_spotify` (lib) generated 7 warnings (run `cargo fix --lib -p console_spotify` to apply 5 suggestions)
    Finished `dev` profile [unoptimized + debuginfo] target(s) in 3.44s
     Running `target/debug/scui`
